2025-03-27 16:00:21 [INFO] drop_down test passed
